============================= test session starts =============================
platform win32 -- Python 3.12.3, pytest-9.0.2, pluggy-1.6.0 -- C:\Users\ahmed\anaconda3\python.exe
cachedir: .pytest_cache
rootdir: C:\Users\ahmed\OneDrive\Desktop\spotify-sorter
collecting ... collected 8 items

test_sorter.py::test_my_sorter PASSED                                    [ 12%]
test_sorter_logic.py::test_basic_sorting PASSED                          [ 25%]
test_sorter_logic.py::test_fallback_bucket PASSED                        [ 37%]
test_sorter_logic.py::test_multi_match PASSED                            [ 50%]
test_sorter_logic.py::test_priority_match PASSED                         [ 62%]
test_sorter_logic.py::test_case_insensitivity PASSED                     [ 75%]
test_sorter_logic.py::test_diff_logic PASSED                             [ 87%]
test_sorter_logic.py::test_album_genre_fallback PASSED                   [100%]

============================== 8 passed in 0.59s ==============================
